---
source: crates/swc-ecma-testing2/src/lib.rs
expression: result
---
``````js
export const head = [], body = [];
``````
