---
source: crates/swc-ecma-testing2/src/lib.rs
expression: result
---
``````js
export const head = [], body = [
    jsx("div", {
        "children": jsx("p", {
            "children": "Hello, world!"
        })
    }),
    "\n"
];
``````
