---
source: crates/swc-ecma-utils2/src/jsx/builder.rs
expression: document
---
export const head = [], body = [
    _jsx(_Fragment, {})
];
