---
source: crates/swc-ecma-utils2/src/jsx/builder.rs
expression: document
---
_jsx("div", {
    "children": "foo"
})
