---
source: crates/swc-ecma-testing2/src/lib.rs
expression: result
---
``````js
jsx("span", {
    "children": jsx(Trans, {
        "id": "W3VBZv4vd2_dsQ_3qLScqCDAKP1JloyUkHTnRMJ6eyc=",
        "message": "Â© Copyright {year}-{year} {company}. All rights reserved.",
        "components": {},
        "values": {
            "year": year,
            "company": company
        }
    })
});
``````
