---
source: crates/swc-ecma-testing2/src/lib.rs
expression: result
---
``````js
jsx("p", {
    "children": jsx(Trans, {
        "id": "MV9b23bQeMQ7isAGTkoBZGErH853yGk0W_yUx1iU7dM=",
        "message": "Hello, world!",
        "components": {},
        "values": {}
    })
});
``````
