---
source: crates/swc-ecma-utils2/tests/jsx/element.rs
expression: document
---
_jsx(_Fragment, {})
