---
source: crates/swc-ecma-utils2/tests/jsx/builder.rs
expression: document
---
export const head = [], body = [
    _jsx("div", {
        "children": [
            "foo"
        ]
    })
];
