---
source: crates/fuzzy-sourcemap/tests/paragraph.rs
expression: "test_case(\"markdown.md\", 393).unwrap()"
---
 1.  A paragraph
     with two lines.

