---
source: crates/fuzzy-sourcemap/tests/paragraph.rs
expression: "test_case(\"markdown.md\", 140).unwrap()"
---
```rust
fn main() {
    println!("Hello, world!");
}
```

