---
source: crates/fuzzy-sourcemap/tests/paragraph.rs
expression: "test_case(\"markdown.md\", 374).unwrap()"
---
-
  foo
-
  ```
  bar
  ```
-
      baz

