---
source: crates/fuzzy-sourcemap/tests/paragraph.rs
expression: "test_case(\"markdown.md\", 182).unwrap()"
---
```rust
enum Coin {
    Penny,
    Nickel,
    Dime,
    Quarter,
}

