---
source: crates/fuzzy-sourcemap/tests/paragraph.rs
expression: "test_case(\"markdown.md\", 341).unwrap()"
---
    ```
    bar
    ```

