---
source: crates/fuzzy-sourcemap/src/lib.rs
expression: "&results"
---
[]

